// Jest Snapshot v1, https://goo.gl/fbAQLP

exports[`Commit component should should display commit 1`] = `
ShallowWrapper {
  "length": 1,
  Symbol(enzyme.__root__): [Circular],
  Symbol(enzyme.__unrendered__): <Commit
    date="2018-02-14T21:00:42-05:00"
    files={
      Array [
        "example/path/file.txt",
        "example/path/file2.txt",
      ]
    }
    hash="d715bad5-1c17-4821-bdc0-0154e9d06c7e"
    userName="Test User"
  />,
  Symbol(enzyme.__renderer__): Object {
    "batchedUpdates": [Function],
    "getNode": [Function],
    "render": [Function],
    "simulateEvent": [Function],
    "unmount": [Function],
  },
  Symbol(enzyme.__node__): Object {
    "instance": null,
    "key": undefined,
    "nodeType": "host",
    "props": Object {
      "children": Array [
        <div>
          "Hash: 
          d715bad5-1c17-4821-bdc0-0154e9d06c7e
          "
        </div>,
        <div>
          "User Name: 
          Test User
          "
        </div>,
        <div>
          "Date: 
          2018-02-14T21:00:42-05:00
          "
        </div>,
        <ul>
          <li>
            example/path/file.txt
          </li>
          <li>
            example/path/file2.txt
          </li>
        </ul>,
      ],
      "data-tid": "d715bad5-1c17-4821-bdc0-0154e9d06c7e",
    },
    "ref": null,
    "rendered": Array [
      Object {
        "instance": null,
        "key": undefined,
        "nodeType": "host",
        "props": Object {
          "children": Array [
            "\\"Hash: ",
            "d715bad5-1c17-4821-bdc0-0154e9d06c7e",
            "\\"",
          ],
        },
        "ref": null,
        "rendered": Array [
          "\\"Hash: ",
          "d715bad5-1c17-4821-bdc0-0154e9d06c7e",
          "\\"",
        ],
        "type": "div",
      },
      Object {
        "instance": null,
        "key": undefined,
        "nodeType": "host",
        "props": Object {
          "children": Array [
            "\\"User Name: ",
            "Test User",
            "\\"",
          ],
        },
        "ref": null,
        "rendered": Array [
          "\\"User Name: ",
          "Test User",
          "\\"",
        ],
        "type": "div",
      },
      Object {
        "instance": null,
        "key": undefined,
        "nodeType": "host",
        "props": Object {
          "children": Array [
            "\\"Date: ",
            "2018-02-14T21:00:42-05:00",
            "\\"",
          ],
        },
        "ref": null,
        "rendered": Array [
          "\\"Date: ",
          "2018-02-14T21:00:42-05:00",
          "\\"",
        ],
        "type": "div",
      },
      Object {
        "instance": null,
        "key": undefined,
        "nodeType": "host",
        "props": Object {
          "children": Array [
            <li>
              example/path/file.txt
            </li>,
            <li>
              example/path/file2.txt
            </li>,
          ],
        },
        "ref": null,
        "rendered": Array [
          Object {
            "instance": null,
            "key": "0",
            "nodeType": "host",
            "props": Object {
              "children": "example/path/file.txt",
            },
            "ref": null,
            "rendered": "example/path/file.txt",
            "type": "li",
          },
          Object {
            "instance": null,
            "key": "1",
            "nodeType": "host",
            "props": Object {
              "children": "example/path/file2.txt",
            },
            "ref": null,
            "rendered": "example/path/file2.txt",
            "type": "li",
          },
        ],
        "type": "ul",
      },
    ],
    "type": "div",
  },
  Symbol(enzyme.__nodes__): Array [
    Object {
      "instance": null,
      "key": undefined,
      "nodeType": "host",
      "props": Object {
        "children": Array [
          <div>
            "Hash: 
            d715bad5-1c17-4821-bdc0-0154e9d06c7e
            "
          </div>,
          <div>
            "User Name: 
            Test User
            "
          </div>,
          <div>
            "Date: 
            2018-02-14T21:00:42-05:00
            "
          </div>,
          <ul>
            <li>
              example/path/file.txt
            </li>
            <li>
              example/path/file2.txt
            </li>
          </ul>,
        ],
        "data-tid": "d715bad5-1c17-4821-bdc0-0154e9d06c7e",
      },
      "ref": null,
      "rendered": Array [
        Object {
          "instance": null,
          "key": undefined,
          "nodeType": "host",
          "props": Object {
            "children": Array [
              "\\"Hash: ",
              "d715bad5-1c17-4821-bdc0-0154e9d06c7e",
              "\\"",
            ],
          },
          "ref": null,
          "rendered": Array [
            "\\"Hash: ",
            "d715bad5-1c17-4821-bdc0-0154e9d06c7e",
            "\\"",
          ],
          "type": "div",
        },
        Object {
          "instance": null,
          "key": undefined,
          "nodeType": "host",
          "props": Object {
            "children": Array [
              "\\"User Name: ",
              "Test User",
              "\\"",
            ],
          },
          "ref": null,
          "rendered": Array [
            "\\"User Name: ",
            "Test User",
            "\\"",
          ],
          "type": "div",
        },
        Object {
          "instance": null,
          "key": undefined,
          "nodeType": "host",
          "props": Object {
            "children": Array [
              "\\"Date: ",
              "2018-02-14T21:00:42-05:00",
              "\\"",
            ],
          },
          "ref": null,
          "rendered": Array [
            "\\"Date: ",
            "2018-02-14T21:00:42-05:00",
            "\\"",
          ],
          "type": "div",
        },
        Object {
          "instance": null,
          "key": undefined,
          "nodeType": "host",
          "props": Object {
            "children": Array [
              <li>
                example/path/file.txt
              </li>,
              <li>
                example/path/file2.txt
              </li>,
            ],
          },
          "ref": null,
          "rendered": Array [
            Object {
              "instance": null,
              "key": "0",
              "nodeType": "host",
              "props": Object {
                "children": "example/path/file.txt",
              },
              "ref": null,
              "rendered": "example/path/file.txt",
              "type": "li",
            },
            Object {
              "instance": null,
              "key": "1",
              "nodeType": "host",
              "props": Object {
                "children": "example/path/file2.txt",
              },
              "ref": null,
              "rendered": "example/path/file2.txt",
              "type": "li",
            },
          ],
          "type": "ul",
        },
      ],
      "type": "div",
    },
  ],
  Symbol(enzyme.__options__): Object {
    "adapter": ReactSixteenAdapter {
      "options": Object {
        "enableComponentDidUpdateOnSetState": true,
      },
    },
  },
}
`;
