// Jest Snapshot v1, https://goo.gl/fbAQLP

exports[`Home component should render home component 1`] = `
ShallowWrapper {
  "length": 1,
  Symbol(enzyme.__root__): [Circular],
  Symbol(enzyme.__unrendered__): <Home
    addCommit={[MockFunction]}
  />,
  Symbol(enzyme.__renderer__): Object {
    "batchedUpdates": [Function],
    "getNode": [Function],
    "render": [Function],
    "simulateEvent": [Function],
    "unmount": [Function],
  },
  Symbol(enzyme.__node__): Object {
    "instance": null,
    "key": undefined,
    "nodeType": "host",
    "props": Object {
      "children": <div
        className="container"
        data-tid="container"
      >
        <h2>
          Code Analyzer
        </h2>
        <form
          onSubmit={[Function]}
        >
          <label>
            Repo:
            <input
              type="text"
              value=""
            />
          </label>
          <button
            onClick={[Function]}
          >
            Open
          </button>
        </form>
        <Link
          replace={false}
          to="/commit"
        >
          to Counter
        </Link>
      </div>,
    },
    "ref": null,
    "rendered": Object {
      "instance": null,
      "key": undefined,
      "nodeType": "host",
      "props": Object {
        "children": Array [
          <h2>
            Code Analyzer
          </h2>,
          <form
            onSubmit={[Function]}
          >
            <label>
              Repo:
              <input
                type="text"
                value=""
              />
            </label>
            <button
              onClick={[Function]}
            >
              Open
            </button>
          </form>,
          <Link
            replace={false}
            to="/commit"
          >
            to Counter
          </Link>,
        ],
        "className": "container",
        "data-tid": "container",
      },
      "ref": null,
      "rendered": Array [
        Object {
          "instance": null,
          "key": undefined,
          "nodeType": "host",
          "props": Object {
            "children": "Code Analyzer",
          },
          "ref": null,
          "rendered": "Code Analyzer",
          "type": "h2",
        },
        Object {
          "instance": null,
          "key": undefined,
          "nodeType": "host",
          "props": Object {
            "children": Array [
              <label>
                Repo:
                <input
                  type="text"
                  value=""
                />
              </label>,
              <button
                onClick={[Function]}
              >
                Open
              </button>,
            ],
            "onSubmit": [Function],
          },
          "ref": null,
          "rendered": Array [
            Object {
              "instance": null,
              "key": undefined,
              "nodeType": "host",
              "props": Object {
                "children": Array [
                  "Repo:",
                  <input
                    type="text"
                    value=""
                  />,
                ],
              },
              "ref": null,
              "rendered": Array [
                "Repo:",
                Object {
                  "instance": null,
                  "key": undefined,
                  "nodeType": "host",
                  "props": Object {
                    "type": "text",
                    "value": "",
                  },
                  "ref": null,
                  "rendered": null,
                  "type": "input",
                },
              ],
              "type": "label",
            },
            Object {
              "instance": null,
              "key": undefined,
              "nodeType": "host",
              "props": Object {
                "children": "Open",
                "onClick": [Function],
              },
              "ref": null,
              "rendered": "Open",
              "type": "button",
            },
          ],
          "type": "form",
        },
        Object {
          "instance": null,
          "key": undefined,
          "nodeType": "class",
          "props": Object {
            "children": "to Counter",
            "replace": false,
            "to": "/commit",
          },
          "ref": null,
          "rendered": "to Counter",
          "type": [Function],
        },
      ],
      "type": "div",
    },
    "type": "div",
  },
  Symbol(enzyme.__nodes__): Array [
    Object {
      "instance": null,
      "key": undefined,
      "nodeType": "host",
      "props": Object {
        "children": <div
          className="container"
          data-tid="container"
        >
          <h2>
            Code Analyzer
          </h2>
          <form
            onSubmit={[Function]}
          >
            <label>
              Repo:
              <input
                type="text"
                value=""
              />
            </label>
            <button
              onClick={[Function]}
            >
              Open
            </button>
          </form>
          <Link
            replace={false}
            to="/commit"
          >
            to Counter
          </Link>
        </div>,
      },
      "ref": null,
      "rendered": Object {
        "instance": null,
        "key": undefined,
        "nodeType": "host",
        "props": Object {
          "children": Array [
            <h2>
              Code Analyzer
            </h2>,
            <form
              onSubmit={[Function]}
            >
              <label>
                Repo:
                <input
                  type="text"
                  value=""
                />
              </label>
              <button
                onClick={[Function]}
              >
                Open
              </button>
            </form>,
            <Link
              replace={false}
              to="/commit"
            >
              to Counter
            </Link>,
          ],
          "className": "container",
          "data-tid": "container",
        },
        "ref": null,
        "rendered": Array [
          Object {
            "instance": null,
            "key": undefined,
            "nodeType": "host",
            "props": Object {
              "children": "Code Analyzer",
            },
            "ref": null,
            "rendered": "Code Analyzer",
            "type": "h2",
          },
          Object {
            "instance": null,
            "key": undefined,
            "nodeType": "host",
            "props": Object {
              "children": Array [
                <label>
                  Repo:
                  <input
                    type="text"
                    value=""
                  />
                </label>,
                <button
                  onClick={[Function]}
                >
                  Open
                </button>,
              ],
              "onSubmit": [Function],
            },
            "ref": null,
            "rendered": Array [
              Object {
                "instance": null,
                "key": undefined,
                "nodeType": "host",
                "props": Object {
                  "children": Array [
                    "Repo:",
                    <input
                      type="text"
                      value=""
                    />,
                  ],
                },
                "ref": null,
                "rendered": Array [
                  "Repo:",
                  Object {
                    "instance": null,
                    "key": undefined,
                    "nodeType": "host",
                    "props": Object {
                      "type": "text",
                      "value": "",
                    },
                    "ref": null,
                    "rendered": null,
                    "type": "input",
                  },
                ],
                "type": "label",
              },
              Object {
                "instance": null,
                "key": undefined,
                "nodeType": "host",
                "props": Object {
                  "children": "Open",
                  "onClick": [Function],
                },
                "ref": null,
                "rendered": "Open",
                "type": "button",
              },
            ],
            "type": "form",
          },
          Object {
            "instance": null,
            "key": undefined,
            "nodeType": "class",
            "props": Object {
              "children": "to Counter",
              "replace": false,
              "to": "/commit",
            },
            "ref": null,
            "rendered": "to Counter",
            "type": [Function],
          },
        ],
        "type": "div",
      },
      "type": "div",
    },
  ],
  Symbol(enzyme.__options__): Object {
    "adapter": ReactSixteenAdapter {
      "options": Object {
        "enableComponentDidUpdateOnSetState": true,
      },
    },
  },
}
`;
